2026-06-13 16:47:28 [INFO] TraceabilityApp: Detected missed report for 2026-06-12. Triggering generation...
2026-06-13 16:47:30 [INFO] TraceabilityApp: Successfully generated missed report for 2026-06-12
2026-06-14 15:58:01 [DEBUG] TraceabilityApp: Date parse error in snapshot: strptime() argument 1 must be str, not None
2026-06-14 15:58:01 [DEBUG] TraceabilityApp: Date parse error in snapshot: strptime() argument 1 must be str, not None
2026-06-14 15:58:01 [INFO] TraceabilityApp: Automated Inventory Snapshot Taken for 2026-06-13.
2026-06-14 15:58:01 [INFO] TraceabilityApp: Detected missed report for 2026-06-13. Triggering generation...
2026-06-14 15:58:05 [ERROR] TraceabilityApp: Failed to generate report: too many values to unpack (expected 3, got 4)
2026-06-14 16:03:02 [INFO] TraceabilityApp: Detected missed report for 2026-06-13. Triggering generation...
2026-06-14 16:03:02 [ERROR] TraceabilityApp: Failed to generate report: too many values to unpack (expected 3, got 4)
2026-06-14 16:04:23 [INFO] TraceabilityApp: Detected missed report for 2026-06-13. Triggering generation...
2026-06-14 16:04:23 [ERROR] TraceabilityApp: Failed to generate report: too many values to unpack (expected 3, got 4)
2026-06-14 16:10:26 [INFO] TraceabilityApp: Detected missed report for 2026-06-13. Triggering generation...
2026-06-14 16:10:26 [INFO] TraceabilityApp: Successfully generated missed report for 2026-06-13
2026-06-14 16:14:16 [INFO] TraceabilityApp: Detected missed report for 2026-06-13. Triggering generation...
2026-06-14 16:14:16 [INFO] TraceabilityApp: Successfully generated missed report for 2026-06-13
2026-06-14 16:33:52 [DEBUG] TraceabilityApp: Date parse error in inventory: strptime() argument 1 must be str, not None
2026-06-14 16:33:52 [DEBUG] TraceabilityApp: Date parse error in inventory: strptime() argument 1 must be str, not None
2026-06-16 23:02:32 [DEBUG] TraceabilityApp: Date parse error in snapshot: strptime() argument 1 must be str, not None
2026-06-16 23:02:32 [DEBUG] TraceabilityApp: Date parse error in snapshot: strptime() argument 1 must be str, not None
2026-06-16 23:02:32 [INFO] TraceabilityApp: Automated Inventory Snapshot Taken for 2026-06-15.
2026-06-16 23:02:37 [INFO] TraceabilityApp: Detected missed report for 2026-06-15. Triggering generation...
2026-06-16 23:02:37 [INFO] TraceabilityApp: Successfully generated missed report for 2026-06-15
2026-06-17 11:27:14 [DEBUG] TraceabilityApp: Date parse error in snapshot: strptime() argument 1 must be str, not None
2026-06-17 11:27:14 [DEBUG] TraceabilityApp: Date parse error in snapshot: strptime() argument 1 must be str, not None
2026-06-17 11:27:14 [INFO] TraceabilityApp: Automated Inventory Snapshot Taken for 2026-06-16.
2026-06-17 23:43:35 [INFO] TraceabilityApp: Detected missed report for 2026-06-16. Triggering generation...
2026-06-17 23:43:36 [INFO] TraceabilityApp: Successfully generated missed report for 2026-06-16
2026-06-18 00:02:15 [DEBUG] TraceabilityApp: Date parse error in snapshot: strptime() argument 1 must be str, not None
2026-06-18 00:02:15 [DEBUG] TraceabilityApp: Date parse error in snapshot: strptime() argument 1 must be str, not None
2026-06-18 00:02:15 [INFO] TraceabilityApp: Automated Inventory Snapshot Taken for 2026-06-17.
2026-06-18 00:02:20 [INFO] TraceabilityApp: Detected missed report for 2026-06-17. Triggering generation...
2026-06-18 00:02:22 [INFO] TraceabilityApp: Successfully generated missed report for 2026-06-17
2026-06-18 00:17:23 [ERROR] TraceabilityApp: Error loading Excel file: [Errno 13] Permission denied: 'C:\\Users\\Mr_X\\Desktop\\Sub-Process Traceability\\data\\production_data.xlsx'
2026-06-18 00:17:23 [ERROR] TraceabilityApp: Background KPI Export Error: [Errno 13] Permission denied: 'C:\\Users\\Mr_X\\Desktop\\Sub-Process Traceability\\data\\production_data.xlsx'
2026-06-18 00:17:40 [ERROR] TraceabilityApp: Error loading Excel file: [Errno 13] Permission denied: 'C:\\Users\\Mr_X\\Desktop\\Sub-Process Traceability\\data\\production_data.xlsx'
2026-06-18 00:17:40 [ERROR] TraceabilityApp: Background KPI Export Error: [Errno 13] Permission denied: 'C:\\Users\\Mr_X\\Desktop\\Sub-Process Traceability\\data\\production_data.xlsx'
2026-06-18 01:00:35 [DEBUG] TraceabilityApp: Date parse error in inventory: strptime() argument 1 must be str, not None
2026-06-18 01:00:35 [DEBUG] TraceabilityApp: Date parse error in inventory: strptime() argument 1 must be str, not None
2026-06-18 01:15:47 [DEBUG] TraceabilityApp: Date parse error in inventory: strptime() argument 1 must be str, not None
2026-06-18 01:15:47 [DEBUG] TraceabilityApp: Date parse error in inventory: strptime() argument 1 must be str, not None
2026-06-18 01:25:41 [DEBUG] TraceabilityApp: Date parse error in inventory: strptime() argument 1 must be str, not None
2026-06-18 01:25:41 [DEBUG] TraceabilityApp: Date parse error in inventory: strptime() argument 1 must be str, not None
2026-06-18 01:34:28 [DEBUG] TraceabilityApp: Date parse error in inventory: strptime() argument 1 must be str, not None
2026-06-18 01:34:28 [DEBUG] TraceabilityApp: Date parse error in inventory: strptime() argument 1 must be str, not None
2026-06-18 01:34:30 [DEBUG] TraceabilityApp: Date parse error in inventory: strptime() argument 1 must be str, not None
2026-06-18 01:34:30 [DEBUG] TraceabilityApp: Date parse error in inventory: strptime() argument 1 must be str, not None
2026-06-18 01:34:32 [DEBUG] TraceabilityApp: Date parse error in inventory: strptime() argument 1 must be str, not None
2026-06-18 01:34:32 [DEBUG] TraceabilityApp: Date parse error in inventory: strptime() argument 1 must be str, not None
2026-06-18 01:38:14 [DEBUG] TraceabilityApp: Date parse error in inventory: strptime() argument 1 must be str, not None
2026-06-18 01:38:14 [DEBUG] TraceabilityApp: Date parse error in inventory: strptime() argument 1 must be str, not None
2026-06-20 01:51:17 [DEBUG] TraceabilityApp: Date parse error in snapshot: strptime() argument 1 must be str, not None
2026-06-20 01:51:17 [DEBUG] TraceabilityApp: Date parse error in snapshot: strptime() argument 1 must be str, not None
2026-06-20 01:51:17 [INFO] TraceabilityApp: Automated Inventory Snapshot Taken for 2026-06-19.
2026-06-20 01:51:22 [INFO] TraceabilityApp: Detected missed report for 2026-06-19. Triggering generation...
2026-06-20 01:51:22 [INFO] TraceabilityApp: Successfully generated missed report for 2026-06-19
2026-06-20 01:56:12 [DEBUG] TraceabilityApp: Date parse error in inventory: strptime() argument 1 must be str, not None
2026-06-20 01:56:12 [DEBUG] TraceabilityApp: Date parse error in inventory: strptime() argument 1 must be str, not None
2026-06-20 01:58:38 [DEBUG] TraceabilityApp: Date parse error in inventory: strptime() argument 1 must be str, not None
2026-06-20 01:58:38 [DEBUG] TraceabilityApp: Date parse error in inventory: strptime() argument 1 must be str, not None
2026-06-20 02:00:09 [DEBUG] TraceabilityApp: Date parse error in inventory: strptime() argument 1 must be str, not None
2026-06-20 02:00:09 [DEBUG] TraceabilityApp: Date parse error in inventory: strptime() argument 1 must be str, not None
2026-06-20 02:03:45 [DEBUG] TraceabilityApp: Date parse error in inventory: strptime() argument 1 must be str, not None
2026-06-20 02:03:45 [DEBUG] TraceabilityApp: Date parse error in inventory: strptime() argument 1 must be str, not None
2026-06-20 02:05:19 [DEBUG] TraceabilityApp: Date parse error in inventory: strptime() argument 1 must be str, not None
2026-06-20 02:05:19 [DEBUG] TraceabilityApp: Date parse error in inventory: strptime() argument 1 must be str, not None
2026-06-20 02:06:13 [DEBUG] TraceabilityApp: Date parse error in inventory: strptime() argument 1 must be str, not None
2026-06-20 02:06:13 [DEBUG] TraceabilityApp: Date parse error in inventory: strptime() argument 1 must be str, not None
2026-06-20 02:06:31 [DEBUG] TraceabilityApp: Date parse error in inventory: strptime() argument 1 must be str, not None
2026-06-20 02:06:31 [DEBUG] TraceabilityApp: Date parse error in inventory: strptime() argument 1 must be str, not None
2026-06-20 02:25:16 [ERROR] TraceabilityApp: Error updating excel: [Errno 13] Permission denied: 'C:\\Users\\Mr_X\\Desktop\\Sub-Process Traceability\\data\\production_data.xlsx'
2026-06-20 02:25:21 [DEBUG] TraceabilityApp: Date parse error in inventory: strptime() argument 1 must be str, not None
2026-06-20 02:25:21 [DEBUG] TraceabilityApp: Date parse error in inventory: strptime() argument 1 must be str, not None
2026-06-20 02:25:35 [DEBUG] TraceabilityApp: Date parse error in inventory: strptime() argument 1 must be str, not None
2026-06-20 02:25:35 [DEBUG] TraceabilityApp: Date parse error in inventory: strptime() argument 1 must be str, not None
2026-06-20 02:25:49 [DEBUG] TraceabilityApp: Date parse error in inventory: strptime() argument 1 must be str, not None
2026-06-20 02:25:49 [DEBUG] TraceabilityApp: Date parse error in inventory: strptime() argument 1 must be str, not None
2026-06-20 02:26:31 [ERROR] TraceabilityApp: Error loading Excel file: [Errno 13] Permission denied: 'C:\\Users\\Mr_X\\Desktop\\Sub-Process Traceability\\data\\production_data.xlsx'
2026-06-20 02:26:32 [ERROR] TraceabilityApp: Background KPI Export Error: [Errno 13] Permission denied: 'C:\\Users\\Mr_X\\Desktop\\Sub-Process Traceability\\data\\production_data.xlsx'
2026-06-20 02:26:34 [DEBUG] TraceabilityApp: Date parse error in inventory: strptime() argument 1 must be str, not None
2026-06-20 02:26:34 [DEBUG] TraceabilityApp: Date parse error in inventory: strptime() argument 1 must be str, not None
2026-06-20 02:26:58 [ERROR] TraceabilityApp: Error loading Excel file: [Errno 13] Permission denied: 'C:\\Users\\Mr_X\\Desktop\\Sub-Process Traceability\\data\\production_data.xlsx'
2026-06-20 02:26:58 [ERROR] TraceabilityApp: Background KPI Export Error: [Errno 13] Permission denied: 'C:\\Users\\Mr_X\\Desktop\\Sub-Process Traceability\\data\\production_data.xlsx'
2026-06-20 02:26:59 [DEBUG] TraceabilityApp: Date parse error in inventory: strptime() argument 1 must be str, not None
2026-06-20 02:26:59 [DEBUG] TraceabilityApp: Date parse error in inventory: strptime() argument 1 must be str, not None
2026-06-20 02:38:12 [WARNING] TraceabilityApp: Excel file is open. Retrying background save in 5 seconds...
2026-06-20 02:38:17 [WARNING] TraceabilityApp: Excel file is open. Retrying background save in 5 seconds...
2026-06-20 02:40:15 [WARNING] TraceabilityApp: Excel file is open. Retrying background save in 5 seconds...
2026-06-20 02:40:20 [WARNING] TraceabilityApp: Excel file is open. Retrying background save in 5 seconds...
2026-06-20 02:40:26 [WARNING] TraceabilityApp: Excel file is open. Retrying background save in 5 seconds...
2026-06-20 02:47:02 [DEBUG] TraceabilityApp: Date parse error in inventory: strptime() argument 1 must be str, not None
2026-06-20 02:47:02 [DEBUG] TraceabilityApp: Date parse error in inventory: strptime() argument 1 must be str, not None
2026-06-20 02:47:24 [DEBUG] TraceabilityApp: Date parse error in inventory: strptime() argument 1 must be str, not None
2026-06-20 02:47:24 [DEBUG] TraceabilityApp: Date parse error in inventory: strptime() argument 1 must be str, not None
2026-06-20 02:47:36 [DEBUG] TraceabilityApp: Date parse error in inventory: strptime() argument 1 must be str, not None
2026-06-20 02:47:36 [DEBUG] TraceabilityApp: Date parse error in inventory: strptime() argument 1 must be str, not None
2026-06-20 02:48:00 [DEBUG] TraceabilityApp: Date parse error in inventory: strptime() argument 1 must be str, not None
2026-06-20 02:48:00 [DEBUG] TraceabilityApp: Date parse error in inventory: strptime() argument 1 must be str, not None
2026-06-20 02:50:55 [DEBUG] TraceabilityApp: Date parse error in inventory: strptime() argument 1 must be str, not None
2026-06-20 02:50:55 [DEBUG] TraceabilityApp: Date parse error in inventory: strptime() argument 1 must be str, not None
2026-06-20 02:51:10 [DEBUG] TraceabilityApp: Date parse error in inventory: strptime() argument 1 must be str, not None
2026-06-20 02:51:10 [DEBUG] TraceabilityApp: Date parse error in inventory: strptime() argument 1 must be str, not None
2026-06-20 02:53:25 [DEBUG] TraceabilityApp: Date parse error in inventory: strptime() argument 1 must be str, not None
2026-06-20 02:53:25 [DEBUG] TraceabilityApp: Date parse error in inventory: strptime() argument 1 must be str, not None
2026-06-20 02:54:43 [WARNING] TraceabilityApp: Excel file is open. Retrying background save in 5 seconds...
2026-06-20 02:54:48 [WARNING] TraceabilityApp: Excel file is open. Retrying background save in 5 seconds...
2026-06-20 02:54:53 [WARNING] TraceabilityApp: Excel file is open. Retrying background save in 5 seconds...
2026-06-20 02:54:58 [WARNING] TraceabilityApp: Excel file is open. Retrying background save in 5 seconds...
2026-06-20 02:55:03 [WARNING] TraceabilityApp: Excel file is open. Retrying background save in 5 seconds...
2026-06-24 09:18:35 [DEBUG] TraceabilityApp: Date parse error in snapshot: strptime() argument 1 must be str, not None
2026-06-24 09:18:35 [DEBUG] TraceabilityApp: Date parse error in snapshot: strptime() argument 1 must be str, not None
2026-06-24 09:18:35 [INFO] TraceabilityApp: Automated Inventory Snapshot Taken for 2026-06-23.
2026-06-24 09:18:40 [INFO] TraceabilityApp: Detected missed report for 2026-06-23. Triggering generation...
2026-06-24 09:18:41 [INFO] TraceabilityApp: Successfully generated missed report for 2026-06-23
2026-06-29 18:46:42 [DEBUG] TraceabilityApp: Date parse error in snapshot: strptime() argument 1 must be str, not None
2026-06-29 18:46:42 [DEBUG] TraceabilityApp: Date parse error in snapshot: strptime() argument 1 must be str, not None
2026-06-29 18:46:42 [INFO] TraceabilityApp: Automated Inventory Snapshot Taken for 2026-06-28.
2026-06-29 18:46:47 [INFO] TraceabilityApp: Detected missed report for 2026-06-28. Triggering generation...
2026-06-29 18:46:50 [INFO] TraceabilityApp: Successfully generated missed report for 2026-06-28
2026-07-01 23:05:07 [DEBUG] TraceabilityApp: Date parse error in snapshot: strptime() argument 1 must be str, not None
2026-07-01 23:05:07 [DEBUG] TraceabilityApp: Date parse error in snapshot: strptime() argument 1 must be str, not None
2026-07-01 23:05:07 [INFO] TraceabilityApp: Automated Inventory Snapshot Taken for 2026-06-30.
2026-07-01 23:05:12 [INFO] TraceabilityApp: Detected missed report for 2026-06-30. Triggering generation...
2026-07-07 13:12:22 [DEBUG] TraceabilityApp: Date parse error in snapshot: strptime() argument 1 must be str, not None
2026-07-07 13:12:22 [DEBUG] TraceabilityApp: Date parse error in snapshot: strptime() argument 1 must be str, not None
2026-07-07 13:12:22 [INFO] TraceabilityApp: Automated Inventory Snapshot Taken for 2026-07-06.
2026-07-07 13:12:27 [INFO] TraceabilityApp: Detected missed report for 2026-07-06. Triggering generation...
2026-07-07 13:12:27 [INFO] TraceabilityApp: Successfully generated missed report for 2026-07-06
2026-07-09 11:27:15 [DEBUG] TraceabilityApp: Date parse error in snapshot: strptime() argument 1 must be str, not None
2026-07-09 11:27:15 [DEBUG] TraceabilityApp: Date parse error in snapshot: strptime() argument 1 must be str, not None
2026-07-09 11:27:15 [INFO] TraceabilityApp: Automated Inventory Snapshot Taken for 2026-07-08.
2026-07-09 11:27:20 [INFO] TraceabilityApp: Detected missed report for 2026-07-08. Triggering generation...
2026-07-09 11:27:21 [INFO] TraceabilityApp: Successfully generated missed report for 2026-07-08
2026-07-15 13:43:02 [DEBUG] TraceabilityApp: Date parse error in snapshot: strptime() argument 1 must be str, not None
2026-07-15 13:43:02 [DEBUG] TraceabilityApp: Date parse error in snapshot: strptime() argument 1 must be str, not None
2026-07-15 13:43:02 [INFO] TraceabilityApp: Automated Inventory Snapshot Taken for 2026-07-14.
2026-07-15 13:43:07 [INFO] TraceabilityApp: Detected missed report for 2026-07-14. Triggering generation...
2026-07-15 13:43:08 [INFO] TraceabilityApp: Successfully generated missed report for 2026-07-14
2026-07-23 15:27:17 [DEBUG] TraceabilityApp: Date parse error in snapshot: strptime() argument 1 must be str, not None
2026-07-23 15:27:17 [DEBUG] TraceabilityApp: Date parse error in snapshot: strptime() argument 1 must be str, not None
2026-07-23 15:27:17 [INFO] TraceabilityApp: Automated Inventory Snapshot Taken for 2026-07-22.
2026-07-23 15:27:22 [INFO] TraceabilityApp: Detected missed report for 2026-07-22. Triggering generation...
2026-07-23 15:27:23 [INFO] TraceabilityApp: Successfully generated missed report for 2026-07-22
2026-07-23 15:29:53 [DEBUG] TraceabilityApp: Date parse error in inventory: strptime() argument 1 must be str, not None
2026-07-23 15:29:53 [DEBUG] TraceabilityApp: Date parse error in inventory: strptime() argument 1 must be str, not None
2026-07-23 15:29:55 [DEBUG] TraceabilityApp: Date parse error in inventory: strptime() argument 1 must be str, not None
2026-07-23 15:29:55 [DEBUG] TraceabilityApp: Date parse error in inventory: strptime() argument 1 must be str, not None
2026-07-24 14:15:42 [DEBUG] TraceabilityApp: Date parse error in snapshot: strptime() argument 1 must be str, not None
2026-07-24 14:15:42 [DEBUG] TraceabilityApp: Date parse error in snapshot: strptime() argument 1 must be str, not None
2026-07-24 14:15:42 [INFO] TraceabilityApp: Automated Inventory Snapshot Taken for 2026-07-23.
2026-07-24 14:15:47 [INFO] TraceabilityApp: Detected missed report for 2026-07-23. Triggering generation...
2026-07-24 14:15:48 [INFO] TraceabilityApp: Successfully generated missed report for 2026-07-23
2026-07-26 13:41:58 [DEBUG] TraceabilityApp: Date parse error in snapshot: strptime() argument 1 must be str, not None
2026-07-26 13:41:58 [DEBUG] TraceabilityApp: Date parse error in snapshot: strptime() argument 1 must be str, not None
2026-07-26 13:41:58 [INFO] TraceabilityApp: Automated Inventory Snapshot Taken for 2026-07-25.
2026-07-26 13:42:03 [INFO] TraceabilityApp: Detected missed report for 2026-07-25. Triggering generation...
2026-07-26 13:42:04 [INFO] TraceabilityApp: Successfully generated missed report for 2026-07-25
2026-07-29 16:57:32 [DEBUG] TraceabilityApp: Date parse error in snapshot: strptime() argument 1 must be str, not None
2026-07-29 16:57:32 [DEBUG] TraceabilityApp: Date parse error in snapshot: strptime() argument 1 must be str, not None
2026-07-29 16:57:32 [INFO] TraceabilityApp: Automated Inventory Snapshot Taken for 2026-07-28.
2026-07-29 16:57:37 [INFO] TraceabilityApp: Detected missed report for 2026-07-28. Triggering generation...
2026-07-29 16:57:38 [INFO] TraceabilityApp: Successfully generated missed report for 2026-07-28
2026-08-04 11:58:02 [DEBUG] TraceabilityApp: Date parse error in snapshot: strptime() argument 1 must be str, not None
2026-08-04 11:58:02 [DEBUG] TraceabilityApp: Date parse error in snapshot: strptime() argument 1 must be str, not None
2026-08-04 11:58:02 [INFO] TraceabilityApp: Automated Inventory Snapshot Taken for 2026-08-03.
2026-08-04 11:58:07 [INFO] TraceabilityApp: Detected missed report for 2026-08-03. Triggering generation...
2026-08-04 11:58:08 [INFO] TraceabilityApp: Successfully generated missed report for 2026-08-03
2026-08-13 11:56:45 [DEBUG] TraceabilityApp: Date parse error in snapshot: strptime() argument 1 must be str, not None
2026-08-13 11:56:45 [DEBUG] TraceabilityApp: Date parse error in snapshot: strptime() argument 1 must be str, not None
2026-08-13 11:56:45 [INFO] TraceabilityApp: Automated Inventory Snapshot Taken for 2026-08-12.
2026-08-13 11:56:50 [INFO] TraceabilityApp: Detected missed report for 2026-08-12. Triggering generation...
2026-08-27 23:59:25 [DEBUG] TraceabilityApp: Date parse error in snapshot: strptime() argument 1 must be str, not None
2026-08-27 23:59:25 [DEBUG] TraceabilityApp: Date parse error in snapshot: strptime() argument 1 must be str, not None
2026-08-27 23:59:25 [INFO] TraceabilityApp: Automated Inventory Snapshot Taken for 2026-08-26.
2026-08-27 23:59:30 [INFO] TraceabilityApp: Detected missed report for 2026-08-26. Triggering generation...
2026-08-27 23:59:31 [INFO] TraceabilityApp: Successfully generated missed report for 2026-08-26
2026-08-28 19:08:32 [DEBUG] TraceabilityApp: Date parse error in snapshot: strptime() argument 1 must be str, not None
2026-08-28 19:08:32 [DEBUG] TraceabilityApp: Date parse error in snapshot: strptime() argument 1 must be str, not None
2026-08-28 19:08:32 [INFO] TraceabilityApp: Automated Inventory Snapshot Taken for 2026-08-27.
2026-08-28 19:08:37 [INFO] TraceabilityApp: Detected missed report for 2026-08-27. Triggering generation...
2026-08-28 19:08:38 [INFO] TraceabilityApp: Successfully generated missed report for 2026-08-27
2026-08-30 10:57:48 [DEBUG] TraceabilityApp: Date parse error in snapshot: strptime() argument 1 must be str, not None
2026-08-30 10:57:48 [DEBUG] TraceabilityApp: Date parse error in snapshot: strptime() argument 1 must be str, not None
2026-08-30 10:57:48 [INFO] TraceabilityApp: Automated Inventory Snapshot Taken for 2026-08-29.
2026-08-30 10:57:53 [INFO] TraceabilityApp: Detected missed report for 2026-08-29. Triggering generation...
2026-08-30 10:57:54 [INFO] TraceabilityApp: Successfully generated missed report for 2026-08-29
2026-09-03 11:02:54 [DEBUG] TraceabilityApp: Date parse error in snapshot: strptime() argument 1 must be str, not None
2026-09-03 11:02:54 [DEBUG] TraceabilityApp: Date parse error in snapshot: strptime() argument 1 must be str, not None
2026-09-03 11:02:54 [INFO] TraceabilityApp: Automated Inventory Snapshot Taken for 2026-09-02.
2026-09-03 11:02:59 [INFO] TraceabilityApp: Detected missed report for 2026-09-02. Triggering generation...
2026-09-03 11:03:00 [INFO] TraceabilityApp: Successfully generated missed report for 2026-09-02
2026-09-06 12:00:21 [DEBUG] TraceabilityApp: Date parse error in snapshot: strptime() argument 1 must be str, not None
2026-09-06 12:00:21 [DEBUG] TraceabilityApp: Date parse error in snapshot: strptime() argument 1 must be str, not None
2026-09-06 12:00:21 [INFO] TraceabilityApp: Automated Inventory Snapshot Taken for 2026-09-05.
2026-09-06 12:00:26 [INFO] TraceabilityApp: Detected missed report for 2026-09-05. Triggering generation...
2026-09-06 12:00:27 [INFO] TraceabilityApp: Successfully generated missed report for 2026-09-05
2026-09-06 18:57:05 [DEBUG] TraceabilityApp: Date parse error in inventory: strptime() argument 1 must be str, not None
2026-09-06 18:57:05 [DEBUG] TraceabilityApp: Date parse error in inventory: strptime() argument 1 must be str, not None
2026-09-06 18:57:15 [WARNING] TraceabilityApp: Excel file is open. Retrying background save in 5 seconds...
2026-09-06 18:57:19 [DEBUG] TraceabilityApp: Date parse error in inventory: strptime() argument 1 must be str, not None
2026-09-06 18:57:19 [DEBUG] TraceabilityApp: Date parse error in inventory: strptime() argument 1 must be str, not None
2026-09-06 18:57:20 [WARNING] TraceabilityApp: Excel file is open. Retrying background save in 5 seconds...
2026-09-06 18:57:25 [WARNING] TraceabilityApp: Excel file is open. Retrying background save in 5 seconds...
2026-09-06 18:57:30 [WARNING] TraceabilityApp: Excel file is open. Retrying background save in 5 seconds...
2026-09-06 18:57:35 [WARNING] TraceabilityApp: Excel file is open. Retrying background save in 5 seconds...
2026-09-06 18:57:40 [WARNING] TraceabilityApp: Excel file is open. Retrying background save in 5 seconds...
2026-09-06 18:57:45 [WARNING] TraceabilityApp: Excel file is open. Retrying background save in 5 seconds...
2026-09-06 18:57:50 [WARNING] TraceabilityApp: Excel file is open. Retrying background save in 5 seconds...
2026-09-06 18:57:55 [WARNING] TraceabilityApp: Excel file is open. Retrying background save in 5 seconds...
2026-09-06 18:58:00 [WARNING] TraceabilityApp: Excel file is open. Retrying background save in 5 seconds...
2026-09-06 18:58:05 [WARNING] TraceabilityApp: Excel file is open. Retrying background save in 5 seconds...
